<html>
<body>
<pre>
<h1>礦ision Build Log</h1>
<h2>Project:</h2>
D:\CAN资料\TMFJ-MBCAN-0308b-MODBUS正常\MDK\gateway.uvproj
Project File Date:  03/14/2016

<h2>Output:</h2>
Build target 'Target 1'
linking...
.\gateway.axf: Warning: L6304W: Duplicate input file .\system_stm32f2xx.o ignored.
Program Size: Code=14068 RO-data=996 RW-data=76 ZI-data=1428  
Finished: 0 information, 1 warning and 0 error messages.
".\gateway.axf" - 0 Error(s), 1 Warning(s).
Load "D:\\CAN资料\\TMFJ-MBCAN-0308b-MODBUS正常\\MDK\\gateway.axf" 
Set JLink Project File to "D:\CAN资料\TMFJ-MBCAN-0308b-MODBUS正常\MDK\JLinkSettings.ini"
* JLink Info: Device "STM32F205RE" selected (512 KB flash, 64 KB RAM).
 
JLink info:
------------
DLL: V4.72a, compiled Jun 26 2013 11:49:14
Firmware: J-Link V9 compiled Feb  2 2016 18:43:46
Hardware: V9.20
S/N : 59820013 
Feature(s) : RDI, FlashBP, FlashDL, JFlash, GDB 
 
* JLink Info: Found SWD-DP with ID 0x2BA01477
* JLink Info: Found SWD-DP with ID 0x2BA01477
* JLink Info: TPIU fitted.
* JLink Info: ETM fitted.
* JLink Info: FPUnit: 6 code (BP) slots and 2 literal slots
* JLink Info: Found Cortex-M3 r2p0, Little endian.
ROMTableAddr = 0xE00FF003
 
Target info:
------------
Device: STM32F205RE
VTarget = 3.296V
State of Pins: 
TCK: 0, TDI: 0, TDO: 0, TMS: 1, TRES: 1, TRST: 0
Hardware-Breakpoints: 6
Software-Breakpoints: 8192
Watchpoints:          4
JTAG speed: 500 kHz
 
Erase Done.
Programming Done.
Verify OK.
Application running ...
</pre>
</body>
</html>
