ARM Linker, 5.03 [Build 76] [MDK-ARM Standard]

==============================================================================

Section Cross References

    main.o(.text) refers to stm32f2xx_tim.o(.text) for TIM_SetCounter
    main.o(.text) refers to stm32f2xx_gpio.o(.text) for GPIO_SetBits
    main.o(.text) refers to stm32f2xx_usart.o(.text) for USART_GetFlagStatus
    main.o(.text) refers to stm32f2xx_rcc.o(.text) for RCC_AHB1PeriphClockCmd
    main.o(.text) refers to stm32f2xx_can.o(.text) for CAN_DeInit
    main.o(.text) refers to stm32f2xx_spi.o(.text) for SPI_Init
    main.o(.text) refers to misc.o(.text) for NVIC_Init
    main.o(.text) refers to main.o(.data) for TimingDelay
    main.o(.text) refers to main.o(.bss) for InputRegBuffer
    main.o(.text) refers to mbslave.o(.text) for MBSlaveIni
    main.o(.text) refers to system_stm32f2xx.o(.data) for SystemCoreClock
    main.o(.data) refers to main.o(.bss) for ADUBuff
    stm32f2xx_it.o(.text) refers to main.o(.text) for TimingDelay_Decrement
    stm32f2xx_it.o(.text) refers to stm32f2xx_tim.o(.text) for TIM_ClearFlag
    stm32f2xx_it.o(.text) refers to mbcommon.o(.text) for T15EndHandle
    stm32f2xx_it.o(.text) refers to stm32f2xx_usart.o(.text) for USART_GetITStatus
    system_stm32f2xx.o(.text) refers to system_stm32f2xx.o(.data) for SystemCoreClock
    stm32f2xx_adc.o(.text) refers to stm32f2xx_rcc.o(.text) for RCC_APB2PeriphResetCmd
    stm32f2xx_can.o(.text) refers to stm32f2xx_rcc.o(.text) for RCC_APB1PeriphResetCmd
    stm32f2xx_cryp.o(.text) refers to stm32f2xx_rcc.o(.text) for RCC_AHB2PeriphResetCmd
    stm32f2xx_cryp_aes.o(.text) refers to stm32f2xx_cryp.o(.text) for CRYP_KeyStructInit
    stm32f2xx_cryp_des.o(.text) refers to stm32f2xx_cryp.o(.text) for CRYP_KeyStructInit
    stm32f2xx_cryp_tdes.o(.text) refers to stm32f2xx_cryp.o(.text) for CRYP_KeyStructInit
    stm32f2xx_dac.o(.text) refers to stm32f2xx_rcc.o(.text) for RCC_APB1PeriphResetCmd
    stm32f2xx_gpio.o(.text) refers to stm32f2xx_rcc.o(.text) for RCC_AHB1PeriphResetCmd
    stm32f2xx_hash.o(.text) refers to stm32f2xx_rcc.o(.text) for RCC_AHB2PeriphResetCmd
    stm32f2xx_hash_md5.o(.text) refers to stm32f2xx_hash.o(.text) for HASH_DeInit
    stm32f2xx_hash_sha1.o(.text) refers to stm32f2xx_hash.o(.text) for HASH_DeInit
    stm32f2xx_i2c.o(.text) refers to stm32f2xx_rcc.o(.text) for RCC_APB1PeriphResetCmd
    stm32f2xx_pwr.o(.text) refers to stm32f2xx_rcc.o(.text) for RCC_APB1PeriphResetCmd
    stm32f2xx_rcc.o(.text) refers to stm32f2xx_rcc.o(.data) for APBAHBPrescTable
    stm32f2xx_rng.o(.text) refers to stm32f2xx_rcc.o(.text) for RCC_AHB2PeriphResetCmd
    stm32f2xx_sdio.o(.text) refers to stm32f2xx_rcc.o(.text) for RCC_APB2PeriphResetCmd
    stm32f2xx_spi.o(.text) refers to stm32f2xx_rcc.o(.text) for RCC_APB2PeriphResetCmd
    stm32f2xx_syscfg.o(.text) refers to stm32f2xx_rcc.o(.text) for RCC_APB2PeriphResetCmd
    stm32f2xx_tim.o(.text) refers to stm32f2xx_rcc.o(.text) for RCC_APB2PeriphResetCmd
    stm32f2xx_usart.o(.text) refers to stm32f2xx_rcc.o(.text) for RCC_APB2PeriphResetCmd
    stm32f2xx_wwdg.o(.text) refers to stm32f2xx_rcc.o(.text) for RCC_APB1PeriphResetCmd
    startup_stm32f2xx.o(RESET) refers to startup_stm32f2xx.o(STACK) for __initial_sp
    startup_stm32f2xx.o(RESET) refers to startup_stm32f2xx.o(.text) for Reset_Handler
    startup_stm32f2xx.o(RESET) refers to stm32f2xx_it.o(.text) for NMI_Handler
    startup_stm32f2xx.o(.text) refers to system_stm32f2xx.o(.text) for SystemInit
    startup_stm32f2xx.o(.text) refers to entry.o(.ARM.Collect$$$$00000000) for __main
    mb_pfunction.o(.text) refers to main.o(.text) for MB_GetDiscrete
    mb_pfunction.o(.constdata) refers to mb_pfunction.o(.text) for FReadCoils
    mb_rtu.o(.text) refers to mb_rtu.o(.constdata) for auchCRCHi
    mbcommon.o(.text) refers to mb_rtu.o(.text) for Modbus_CRC16
    mbcommon.o(.text) refers to main.o(.text) for StartCountT35
    mbcommon.o(.text) refers to mbcommon.o(.data) for g_TimeEnd
    mbcommon.o(.text) refers to mbcommon.o(.bss) for ADUData
    mbcommon.o(.text) refers to main.o(.data) for mb_handle_event_flag
    mbslave.o(.text) refers to mb_rtu.o(.text) for Modbus_CRC16
    mbslave.o(.text) refers to main.o(.text) for SendResponse
    mbslave.o(.text) refers to mbcommon.o(.bss) for ADUData
    mbslave.o(.text) refers to mbcommon.o(.data) for PDUData
    mbslave.o(.text) refers to mb_pfunction.o(.constdata) for FCodeHandleArray
    mbslave.o(.text) refers to main.o(.data) for mb_handle_event_flag
    entry.o(.ARM.Collect$$$$00000000) refers (Special) to entry10a.o(.ARM.Collect$$$$0000000D) for __rt_final_cpp
    entry.o(.ARM.Collect$$$$00000000) refers (Special) to entry11a.o(.ARM.Collect$$$$0000000F) for __rt_final_exit
    entry.o(.ARM.Collect$$$$00000000) refers (Special) to entry7b.o(.ARM.Collect$$$$00000008) for _main_clock
    entry.o(.ARM.Collect$$$$00000000) refers (Special) to entry8b.o(.ARM.Collect$$$$0000000A) for _main_cpp_init
    entry.o(.ARM.Collect$$$$00000000) refers (Special) to entry9a.o(.ARM.Collect$$$$0000000B) for _main_init
    entry.o(.ARM.Collect$$$$00000000) refers (Special) to entry5.o(.ARM.Collect$$$$00000004) for _main_scatterload
    entry.o(.ARM.Collect$$$$00000000) refers (Special) to entry2.o(.ARM.Collect$$$$00000001) for _main_stk
    entry2.o(.ARM.Collect$$$$00000001) refers to entry2.o(.ARM.Collect$$$$00002712) for __lit__00000000
    entry2.o(.ARM.Collect$$$$00002712) refers to startup_stm32f2xx.o(STACK) for __initial_sp
    entry2.o(__vectab_stack_and_reset_area) refers to startup_stm32f2xx.o(STACK) for __initial_sp
    entry2.o(__vectab_stack_and_reset_area) refers to entry.o(.ARM.Collect$$$$00000000) for __main
    entry5.o(.ARM.Collect$$$$00000004) refers to init.o(.text) for __scatterload
    entry9a.o(.ARM.Collect$$$$0000000B) refers to main.o(.text) for main
    entry9b.o(.ARM.Collect$$$$0000000C) refers to main.o(.text) for main
    init.o(.text) refers to entry5.o(.ARM.Collect$$$$00000004) for __main_after_scatterload


==============================================================================

Removing Unused input sections from the image.

    Removing main.o(.emb_text), (8 bytes).
    Removing stm32f2xx_it.o(.emb_text), (8 bytes).
    Removing stm32f2xx_it.o(.data), (4 bytes).
    Removing system_stm32f2xx.o(.emb_text), (8 bytes).
    Removing misc.o(.emb_text), (8 bytes).
    Removing stm32f2xx_adc.o(.emb_text), (8 bytes).
    Removing stm32f2xx_adc.o(.text), (1136 bytes).
    Removing stm32f2xx_can.o(.emb_text), (8 bytes).
    Removing stm32f2xx_crc.o(.emb_text), (8 bytes).
    Removing stm32f2xx_crc.o(.text), (72 bytes).
    Removing stm32f2xx_cryp.o(.emb_text), (8 bytes).
    Removing stm32f2xx_cryp.o(.text), (656 bytes).
    Removing stm32f2xx_cryp_aes.o(.emb_text), (8 bytes).
    Removing stm32f2xx_cryp_aes.o(.text), (1524 bytes).
    Removing stm32f2xx_cryp_des.o(.emb_text), (8 bytes).
    Removing stm32f2xx_cryp_des.o(.text), (468 bytes).
    Removing stm32f2xx_cryp_tdes.o(.emb_text), (8 bytes).
    Removing stm32f2xx_cryp_tdes.o(.text), (532 bytes).
    Removing stm32f2xx_dac.o(.emb_text), (8 bytes).
    Removing stm32f2xx_dac.o(.text), (528 bytes).
    Removing stm32f2xx_dbgmcu.o(.emb_text), (8 bytes).
    Removing stm32f2xx_dbgmcu.o(.text), (100 bytes).
    Removing stm32f2xx_dcmi.o(.emb_text), (8 bytes).
    Removing stm32f2xx_dcmi.o(.text), (396 bytes).
    Removing stm32f2xx_dma.o(.emb_text), (8 bytes).
    Removing stm32f2xx_dma.o(.text), (932 bytes).
    Removing stm32f2xx_exti.o(.emb_text), (8 bytes).
    Removing stm32f2xx_exti.o(.text), (284 bytes).
    Removing stm32f2xx_flash.o(.emb_text), (8 bytes).
    Removing stm32f2xx_flash.o(.text), (1224 bytes).
    Removing stm32f2xx_fsmc.o(.emb_text), (8 bytes).
    Removing stm32f2xx_fsmc.o(.text), (1564 bytes).
    Removing stm32f2xx_gpio.o(.emb_text), (8 bytes).
    Removing stm32f2xx_hash.o(.emb_text), (8 bytes).
    Removing stm32f2xx_hash.o(.text), (496 bytes).
    Removing stm32f2xx_hash_md5.o(.emb_text), (8 bytes).
    Removing stm32f2xx_hash_md5.o(.text), (534 bytes).
    Removing stm32f2xx_hash_sha1.o(.emb_text), (8 bytes).
    Removing stm32f2xx_hash_sha1.o(.text), (548 bytes).
    Removing stm32f2xx_i2c.o(.emb_text), (8 bytes).
    Removing stm32f2xx_i2c.o(.text), (1064 bytes).
    Removing stm32f2xx_iwdg.o(.emb_text), (8 bytes).
    Removing stm32f2xx_iwdg.o(.text), (64 bytes).
    Removing stm32f2xx_pwr.o(.emb_text), (8 bytes).
    Removing stm32f2xx_pwr.o(.text), (220 bytes).
    Removing stm32f2xx_rcc.o(.emb_text), (8 bytes).
    Removing stm32f2xx_rng.o(.emb_text), (8 bytes).
    Removing stm32f2xx_rng.o(.text), (160 bytes).
    Removing stm32f2xx_rtc.o(.emb_text), (8 bytes).
    Removing stm32f2xx_rtc.o(.text), (2824 bytes).
    Removing stm32f2xx_sdio.o(.emb_text), (8 bytes).
    Removing stm32f2xx_sdio.o(.text), (484 bytes).
    Removing stm32f2xx_spi.o(.emb_text), (8 bytes).
    Removing stm32f2xx_syscfg.o(.emb_text), (8 bytes).
    Removing stm32f2xx_syscfg.o(.text), (140 bytes).
    Removing stm32f2xx_tim.o(.emb_text), (8 bytes).
    Removing stm32f2xx_usart.o(.emb_text), (8 bytes).
    Removing stm32f2xx_wwdg.o(.emb_text), (8 bytes).
    Removing stm32f2xx_wwdg.o(.text), (144 bytes).
    Removing startup_stm32f2xx.o(HEAP), (512 bytes).

60 unused section(s) (total 16882 bytes) removed from the image.

==============================================================================

Image Symbol Table

    Local Symbols

    Symbol Name                              Value     Ov Type        Size  Object(Section)

    ../clib/microlib/init/entry.s            0x00000000   Number         0  entry2.o ABSOLUTE
    ../clib/microlib/init/entry.s            0x00000000   Number         0  entry11a.o ABSOLUTE
    ../clib/microlib/init/entry.s            0x00000000   Number         0  entry7b.o ABSOLUTE
    ../clib/microlib/init/entry.s            0x00000000   Number         0  entry7a.o ABSOLUTE
    ../clib/microlib/init/entry.s            0x00000000   Number         0  entry5.o ABSOLUTE
    ../clib/microlib/init/entry.s            0x00000000   Number         0  entry.o ABSOLUTE
    ../clib/microlib/init/entry.s            0x00000000   Number         0  entry10b.o ABSOLUTE
    ../clib/microlib/init/entry.s            0x00000000   Number         0  entry8a.o ABSOLUTE
    ../clib/microlib/init/entry.s            0x00000000   Number         0  entry10a.o ABSOLUTE
    ../clib/microlib/init/entry.s            0x00000000   Number         0  entry9b.o ABSOLUTE
    ../clib/microlib/init/entry.s            0x00000000   Number         0  entry8b.o ABSOLUTE
    ../clib/microlib/init/entry.s            0x00000000   Number         0  entry9a.o ABSOLUTE
    ../clib/microlib/init/entry.s            0x00000000   Number         0  entry11b.o ABSOLUTE
    ..\LIB\CMSIS\Device\ST\STM32F2xx\Source\Templates\arm\startup_stm32f2xx.s 0x00000000   Number         0  startup_stm32f2xx.o ABSOLUTE
    ..\LIB\CMSIS\Device\ST\STM32F2xx\Source\Templates\system_stm32f2xx.c 0x00000000   Number         0  system_stm32f2xx.o ABSOLUTE
    ..\LIB\STM32F2xx_StdPeriph_Driver\src\misc.c 0x00000000   Number         0  misc.o ABSOLUTE
    ..\LIB\STM32F2xx_StdPeriph_Driver\src\stm32f2xx_adc.c 0x00000000   Number         0  stm32f2xx_adc.o ABSOLUTE
    ..\LIB\STM32F2xx_StdPeriph_Driver\src\stm32f2xx_can.c 0x00000000   Number         0  stm32f2xx_can.o ABSOLUTE
    ..\LIB\STM32F2xx_StdPeriph_Driver\src\stm32f2xx_crc.c 0x00000000   Number         0  stm32f2xx_crc.o ABSOLUTE
    ..\LIB\STM32F2xx_StdPeriph_Driver\src\stm32f2xx_cryp.c 0x00000000   Number         0  stm32f2xx_cryp.o ABSOLUTE
    ..\LIB\STM32F2xx_StdPeriph_Driver\src\stm32f2xx_cryp_aes.c 0x00000000   Number         0  stm32f2xx_cryp_aes.o ABSOLUTE
    ..\LIB\STM32F2xx_StdPeriph_Driver\src\stm32f2xx_cryp_des.c 0x00000000   Number         0  stm32f2xx_cryp_des.o ABSOLUTE
    ..\LIB\STM32F2xx_StdPeriph_Driver\src\stm32f2xx_cryp_tdes.c 0x00000000   Number         0  stm32f2xx_cryp_tdes.o ABSOLUTE
    ..\LIB\STM32F2xx_StdPeriph_Driver\src\stm32f2xx_dac.c 0x00000000   Number         0  stm32f2xx_dac.o ABSOLUTE
    ..\LIB\STM32F2xx_StdPeriph_Driver\src\stm32f2xx_dbgmcu.c 0x00000000   Number         0  stm32f2xx_dbgmcu.o ABSOLUTE
    ..\LIB\STM32F2xx_StdPeriph_Driver\src\stm32f2xx_dcmi.c 0x00000000   Number         0  stm32f2xx_dcmi.o ABSOLUTE
    ..\LIB\STM32F2xx_StdPeriph_Driver\src\stm32f2xx_dma.c 0x00000000   Number         0  stm32f2xx_dma.o ABSOLUTE
    ..\LIB\STM32F2xx_StdPeriph_Driver\src\stm32f2xx_exti.c 0x00000000   Number         0  stm32f2xx_exti.o ABSOLUTE
    ..\LIB\STM32F2xx_StdPeriph_Driver\src\stm32f2xx_flash.c 0x00000000   Number         0  stm32f2xx_flash.o ABSOLUTE
    ..\LIB\STM32F2xx_StdPeriph_Driver\src\stm32f2xx_fsmc.c 0x00000000   Number         0  stm32f2xx_fsmc.o ABSOLUTE
    ..\LIB\STM32F2xx_StdPeriph_Driver\src\stm32f2xx_gpio.c 0x00000000   Number         0  stm32f2xx_gpio.o ABSOLUTE
    ..\LIB\STM32F2xx_StdPeriph_Driver\src\stm32f2xx_hash.c 0x00000000   Number         0  stm32f2xx_hash.o ABSOLUTE
    ..\LIB\STM32F2xx_StdPeriph_Driver\src\stm32f2xx_hash_md5.c 0x00000000   Number         0  stm32f2xx_hash_md5.o ABSOLUTE
    ..\LIB\STM32F2xx_StdPeriph_Driver\src\stm32f2xx_hash_sha1.c 0x00000000   Number         0  stm32f2xx_hash_sha1.o ABSOLUTE
    ..\LIB\STM32F2xx_StdPeriph_Driver\src\stm32f2xx_i2c.c 0x00000000   Number         0  stm32f2xx_i2c.o ABSOLUTE
    ..\LIB\STM32F2xx_StdPeriph_Driver\src\stm32f2xx_iwdg.c 0x00000000   Number         0  stm32f2xx_iwdg.o ABSOLUTE
    ..\LIB\STM32F2xx_StdPeriph_Driver\src\stm32f2xx_pwr.c 0x00000000   Number         0  stm32f2xx_pwr.o ABSOLUTE
    ..\LIB\STM32F2xx_StdPeriph_Driver\src\stm32f2xx_rcc.c 0x00000000   Number         0  stm32f2xx_rcc.o ABSOLUTE
    ..\LIB\STM32F2xx_StdPeriph_Driver\src\stm32f2xx_rng.c 0x00000000   Number         0  stm32f2xx_rng.o ABSOLUTE
    ..\LIB\STM32F2xx_StdPeriph_Driver\src\stm32f2xx_rtc.c 0x00000000   Number         0  stm32f2xx_rtc.o ABSOLUTE
    ..\LIB\STM32F2xx_StdPeriph_Driver\src\stm32f2xx_sdio.c 0x00000000   Number         0  stm32f2xx_sdio.o ABSOLUTE
    ..\LIB\STM32F2xx_StdPeriph_Driver\src\stm32f2xx_spi.c 0x00000000   Number         0  stm32f2xx_spi.o ABSOLUTE
    ..\LIB\STM32F2xx_StdPeriph_Driver\src\stm32f2xx_syscfg.c 0x00000000   Number         0  stm32f2xx_syscfg.o ABSOLUTE
    ..\LIB\STM32F2xx_StdPeriph_Driver\src\stm32f2xx_tim.c 0x00000000   Number         0  stm32f2xx_tim.o ABSOLUTE
    ..\LIB\STM32F2xx_StdPeriph_Driver\src\stm32f2xx_usart.c 0x00000000   Number         0  stm32f2xx_usart.o ABSOLUTE
    ..\LIB\STM32F2xx_StdPeriph_Driver\src\stm32f2xx_wwdg.c 0x00000000   Number         0  stm32f2xx_wwdg.o ABSOLUTE
    ..\USER\MBCommon.c                       0x00000000   Number         0  mbcommon.o ABSOLUTE
    ..\USER\MBSlave.c                        0x00000000   Number         0  mbslave.o ABSOLUTE
    ..\USER\MB_PFunction.c                   0x00000000   Number         0  mb_pfunction.o ABSOLUTE
    ..\USER\MB_RTU.c                         0x00000000   Number         0  mb_rtu.o ABSOLUTE
    ..\USER\main.c                           0x00000000   Number         0  main.o ABSOLUTE
    ..\USER\stm32f2xx_it.c                   0x00000000   Number         0  stm32f2xx_it.o ABSOLUTE
    ..\\LIB\\CMSIS\\Device\\ST\\STM32F2xx\\Source\\Templates\\system_stm32f2xx.c 0x00000000   Number         0  system_stm32f2xx.o ABSOLUTE
    ..\\LIB\\STM32F2xx_StdPeriph_Driver\\src\\misc.c 0x00000000   Number         0  misc.o ABSOLUTE
    ..\\LIB\\STM32F2xx_StdPeriph_Driver\\src\\stm32f2xx_adc.c 0x00000000   Number         0  stm32f2xx_adc.o ABSOLUTE
    ..\\LIB\\STM32F2xx_StdPeriph_Driver\\src\\stm32f2xx_can.c 0x00000000   Number         0  stm32f2xx_can.o ABSOLUTE
    ..\\LIB\\STM32F2xx_StdPeriph_Driver\\src\\stm32f2xx_crc.c 0x00000000   Number         0  stm32f2xx_crc.o ABSOLUTE
    ..\\LIB\\STM32F2xx_StdPeriph_Driver\\src\\stm32f2xx_cryp.c 0x00000000   Number         0  stm32f2xx_cryp.o ABSOLUTE
    ..\\LIB\\STM32F2xx_StdPeriph_Driver\\src\\stm32f2xx_cryp_aes.c 0x00000000   Number         0  stm32f2xx_cryp_aes.o ABSOLUTE
    ..\\LIB\\STM32F2xx_StdPeriph_Driver\\src\\stm32f2xx_cryp_des.c 0x00000000   Number         0  stm32f2xx_cryp_des.o ABSOLUTE
    ..\\LIB\\STM32F2xx_StdPeriph_Driver\\src\\stm32f2xx_cryp_tdes.c 0x00000000   Number         0  stm32f2xx_cryp_tdes.o ABSOLUTE
    ..\\LIB\\STM32F2xx_StdPeriph_Driver\\src\\stm32f2xx_dac.c 0x00000000   Number         0  stm32f2xx_dac.o ABSOLUTE
    ..\\LIB\\STM32F2xx_StdPeriph_Driver\\src\\stm32f2xx_dbgmcu.c 0x00000000   Number         0  stm32f2xx_dbgmcu.o ABSOLUTE
    ..\\LIB\\STM32F2xx_StdPeriph_Driver\\src\\stm32f2xx_dcmi.c 0x00000000   Number         0  stm32f2xx_dcmi.o ABSOLUTE
    ..\\LIB\\STM32F2xx_StdPeriph_Driver\\src\\stm32f2xx_dma.c 0x00000000   Number         0  stm32f2xx_dma.o ABSOLUTE
    ..\\LIB\\STM32F2xx_StdPeriph_Driver\\src\\stm32f2xx_exti.c 0x00000000   Number         0  stm32f2xx_exti.o ABSOLUTE
    ..\\LIB\\STM32F2xx_StdPeriph_Driver\\src\\stm32f2xx_flash.c 0x00000000   Number         0  stm32f2xx_flash.o ABSOLUTE
    ..\\LIB\\STM32F2xx_StdPeriph_Driver\\src\\stm32f2xx_fsmc.c 0x00000000   Number         0  stm32f2xx_fsmc.o ABSOLUTE
    ..\\LIB\\STM32F2xx_StdPeriph_Driver\\src\\stm32f2xx_gpio.c 0x00000000   Number         0  stm32f2xx_gpio.o ABSOLUTE
    ..\\LIB\\STM32F2xx_StdPeriph_Driver\\src\\stm32f2xx_hash.c 0x00000000   Number         0  stm32f2xx_hash.o ABSOLUTE
    ..\\LIB\\STM32F2xx_StdPeriph_Driver\\src\\stm32f2xx_hash_md5.c 0x00000000   Number         0  stm32f2xx_hash_md5.o ABSOLUTE
    ..\\LIB\\STM32F2xx_StdPeriph_Driver\\src\\stm32f2xx_hash_sha1.c 0x00000000   Number         0  stm32f2xx_hash_sha1.o ABSOLUTE
    ..\\LIB\\STM32F2xx_StdPeriph_Driver\\src\\stm32f2xx_i2c.c 0x00000000   Number         0  stm32f2xx_i2c.o ABSOLUTE
    ..\\LIB\\STM32F2xx_StdPeriph_Driver\\src\\stm32f2xx_iwdg.c 0x00000000   Number         0  stm32f2xx_iwdg.o ABSOLUTE
    ..\\LIB\\STM32F2xx_StdPeriph_Driver\\src\\stm32f2xx_pwr.c 0x00000000   Number         0  stm32f2xx_pwr.o ABSOLUTE
    ..\\LIB\\STM32F2xx_StdPeriph_Driver\\src\\stm32f2xx_rcc.c 0x00000000   Number         0  stm32f2xx_rcc.o ABSOLUTE
    ..\\LIB\\STM32F2xx_StdPeriph_Driver\\src\\stm32f2xx_rng.c 0x00000000   Number         0  stm32f2xx_rng.o ABSOLUTE
    ..\\LIB\\STM32F2xx_StdPeriph_Driver\\src\\stm32f2xx_rtc.c 0x00000000   Number         0  stm32f2xx_rtc.o ABSOLUTE
    ..\\LIB\\STM32F2xx_StdPeriph_Driver\\src\\stm32f2xx_sdio.c 0x00000000   Number         0  stm32f2xx_sdio.o ABSOLUTE
    ..\\LIB\\STM32F2xx_StdPeriph_Driver\\src\\stm32f2xx_spi.c 0x00000000   Number         0  stm32f2xx_spi.o ABSOLUTE
    ..\\LIB\\STM32F2xx_StdPeriph_Driver\\src\\stm32f2xx_syscfg.c 0x00000000   Number         0  stm32f2xx_syscfg.o ABSOLUTE
    ..\\LIB\\STM32F2xx_StdPeriph_Driver\\src\\stm32f2xx_tim.c 0x00000000   Number         0  stm32f2xx_tim.o ABSOLUTE
    ..\\LIB\\STM32F2xx_StdPeriph_Driver\\src\\stm32f2xx_usart.c 0x00000000   Number         0  stm32f2xx_usart.o ABSOLUTE
    ..\\LIB\\STM32F2xx_StdPeriph_Driver\\src\\stm32f2xx_wwdg.c 0x00000000   Number         0  stm32f2xx_wwdg.o ABSOLUTE
    ..\\USER\\main.c                         0x00000000   Number         0  main.o ABSOLUTE
    ..\\USER\\stm32f2xx_it.c                 0x00000000   Number         0  stm32f2xx_it.o ABSOLUTE
    dc.s                                     0x00000000   Number         0  dc.o ABSOLUTE
    handlers.s                               0x00000000   Number         0  handlers.o ABSOLUTE
    init.s                                   0x00000000   Number         0  init.o ABSOLUTE
    RESET                                    0x08000000   Section      388  startup_stm32f2xx.o(RESET)
    .ARM.Collect$$$$00000000                 0x08000184   Section        0  entry.o(.ARM.Collect$$$$00000000)
    .ARM.Collect$$$$00000001                 0x08000184   Section        4  entry2.o(.ARM.Collect$$$$00000001)
    .ARM.Collect$$$$00000004                 0x08000188   Section        4  entry5.o(.ARM.Collect$$$$00000004)
    .ARM.Collect$$$$00000008                 0x0800018c   Section        0  entry7b.o(.ARM.Collect$$$$00000008)
    .ARM.Collect$$$$0000000A                 0x0800018c   Section        0  entry8b.o(.ARM.Collect$$$$0000000A)
    .ARM.Collect$$$$0000000B                 0x0800018c   Section        8  entry9a.o(.ARM.Collect$$$$0000000B)
    .ARM.Collect$$$$0000000D                 0x08000194   Section        0  entry10a.o(.ARM.Collect$$$$0000000D)
    .ARM.Collect$$$$0000000F                 0x08000194   Section        0  entry11a.o(.ARM.Collect$$$$0000000F)
    .ARM.Collect$$$$00002712                 0x08000194   Section        4  entry2.o(.ARM.Collect$$$$00002712)
    __lit__00000000                          0x08000194   Data           4  entry2.o(.ARM.Collect$$$$00002712)
    .text                                    0x08000198   Section        0  main.o(.text)
    SPI_Config                               0x0800036d   Thumb Code   164  main.o(.text)
    USART3_Config                            0x080004cd   Thumb Code   138  main.o(.text)
    .text                                    0x08000758   Section        0  stm32f2xx_it.o(.text)
    .text                                    0x08000810   Section        0  system_stm32f2xx.o(.text)
    SetSysClock                              0x08000811   Thumb Code   190  system_stm32f2xx.o(.text)
    .text                                    0x080009f0   Section        0  misc.o(.text)
    .text                                    0x08000ad4   Section        0  stm32f2xx_can.o(.text)
    CheckITStatus                            0x080012d7   Thumb Code    16  stm32f2xx_can.o(.text)
    .text                                    0x080014c0   Section        0  stm32f2xx_gpio.o(.text)
    .text                                    0x0800171c   Section        0  stm32f2xx_rcc.o(.text)
    .text                                    0x08001ca4   Section        0  stm32f2xx_spi.o(.text)
    .text                                    0x08002048   Section        0  stm32f2xx_tim.o(.text)
    TI4_Config                               0x080027e7   Thumb Code    80  stm32f2xx_tim.o(.text)
    TI3_Config                               0x08002849   Thumb Code    72  stm32f2xx_tim.o(.text)
    TI2_Config                               0x080028ab   Thumb Code    90  stm32f2xx_tim.o(.text)
    TI1_Config                               0x08002917   Thumb Code    58  stm32f2xx_tim.o(.text)
    .text                                    0x08002cec   Section        0  stm32f2xx_usart.o(.text)
    .text                                    0x08003108   Section       36  startup_stm32f2xx.o(.text)
    .text                                    0x0800312c   Section        0  mb_pfunction.o(.text)
    .text                                    0x0800357c   Section        0  mb_rtu.o(.text)
    .text                                    0x080035b4   Section        0  mbcommon.o(.text)
    .text                                    0x08003700   Section        0  mbslave.o(.text)
    .text                                    0x08003834   Section       36  init.o(.text)
    i.__scatterload_copy                     0x08003858   Section       14  handlers.o(i.__scatterload_copy)
    i.__scatterload_null                     0x08003866   Section        2  handlers.o(i.__scatterload_null)
    i.__scatterload_zeroinit                 0x08003868   Section       14  handlers.o(i.__scatterload_zeroinit)
    .constdata                               0x08003878   Section       64  mb_pfunction.o(.constdata)
    .constdata                               0x080038b8   Section      512  mb_rtu.o(.constdata)
    .data                                    0x20000000   Section       21  main.o(.data)
    TimingDelay                              0x20000010   Data           4  main.o(.data)
    .data                                    0x20000018   Section       20  system_stm32f2xx.o(.data)
    .data                                    0x2000002c   Section       16  stm32f2xx_rcc.o(.data)
    APBAHBPrescTable                         0x2000002c   Data          16  stm32f2xx_rcc.o(.data)
    .data                                    0x2000003c   Section       13  mbcommon.o(.data)
    .bss                                     0x2000004c   Section      392  main.o(.bss)
    .bss                                     0x200001d4   Section       12  mbcommon.o(.bss)
    STACK                                    0x200001e0   Section     1024  startup_stm32f2xx.o(STACK)

    Global Symbols

    Symbol Name                              Value     Ov Type        Size  Object(Section)

    BuildAttributes$$THM_ISAv4$P$D$K$B$S$PE$A:L22UL41UL21$X:L11$S22US41US21$IEEE1$IW$USESV6$~STKCKD$USESV7$~SHL$OSPACE$EBA8$MICROLIB$REQ8$PRES8$EABIv2 0x00000000   Number         0  anon$$obj.o ABSOLUTE
    __ARM_use_no_argv                        0x00000000   Number         0  main.o ABSOLUTE
    __cpp_initialize__aeabi_                  - Undefined Weak Reference
    __cxa_finalize                            - Undefined Weak Reference
    __decompress                              - Undefined Weak Reference
    _clock_init                               - Undefined Weak Reference
    _microlib_exit                            - Undefined Weak Reference
    __Vectors_Size                           0x00000184   Number         0  startup_stm32f2xx.o ABSOLUTE
    __Vectors                                0x08000000   Data           4  startup_stm32f2xx.o(RESET)
    __Vectors_End                            0x08000184   Data           0  startup_stm32f2xx.o(RESET)
    __main                                   0x08000185   Thumb Code     0  entry.o(.ARM.Collect$$$$00000000)
    _main_stk                                0x08000185   Thumb Code     0  entry2.o(.ARM.Collect$$$$00000001)
    _main_scatterload                        0x08000189   Thumb Code     0  entry5.o(.ARM.Collect$$$$00000004)
    __main_after_scatterload                 0x0800018d   Thumb Code     0  entry5.o(.ARM.Collect$$$$00000004)
    _main_clock                              0x0800018d   Thumb Code     0  entry7b.o(.ARM.Collect$$$$00000008)
    _main_cpp_init                           0x0800018d   Thumb Code     0  entry8b.o(.ARM.Collect$$$$0000000A)
    _main_init                               0x0800018d   Thumb Code     0  entry9a.o(.ARM.Collect$$$$0000000B)
    __rt_final_cpp                           0x08000195   Thumb Code     0  entry10a.o(.ARM.Collect$$$$0000000D)
    __rt_final_exit                          0x08000195   Thumb Code     0  entry11a.o(.ARM.Collect$$$$0000000F)
    Delay                                    0x08000199   Thumb Code    20  main.o(.text)
    TimingDelay_Decrement                    0x080001ad   Thumb Code    18  main.o(.text)
    StartCountT15                            0x080001bf   Thumb Code    22  main.o(.text)
    StartCountT35                            0x080001d5   Thumb Code    20  main.o(.text)
    SendResponse                             0x080001e9   Thumb Code    84  main.o(.text)
    MB_GetDiscrete                           0x0800023d   Thumb Code    14  main.o(.text)
    MB_GetCoils                              0x0800024b   Thumb Code    14  main.o(.text)
    MB_SetCoil                               0x08000259   Thumb Code     6  main.o(.text)
    MB_GetInputRegValue                      0x0800025f   Thumb Code    10  main.o(.text)
    MB_SetInputRegValue                      0x08000269   Thumb Code     2  main.o(.text)
    MB_GetRegValue                           0x0800026b   Thumb Code    10  main.o(.text)
    MB_SetRegValue                           0x08000275   Thumb Code     8  main.o(.text)
    CAN2_Config                              0x0800027d   Thumb Code   120  main.o(.text)
    CAN1_Config                              0x080002f5   Thumb Code   120  main.o(.text)
    TIM_Config                               0x08000411   Thumb Code   188  main.o(.text)
    NVIC_Config                              0x08000557   Thumb Code   150  main.o(.text)
    main                                     0x080005ed   Thumb Code   294  main.o(.text)
    Init_RxMes                               0x08000713   Thumb Code    36  main.o(.text)
    NMI_Handler                              0x08000759   Thumb Code     2  stm32f2xx_it.o(.text)
    HardFault_Handler                        0x0800075b   Thumb Code     4  stm32f2xx_it.o(.text)
    MemManage_Handler                        0x0800075f   Thumb Code     4  stm32f2xx_it.o(.text)
    BusFault_Handler                         0x08000763   Thumb Code     4  stm32f2xx_it.o(.text)
    UsageFault_Handler                       0x08000767   Thumb Code     4  stm32f2xx_it.o(.text)
    SVC_Handler                              0x0800076b   Thumb Code     2  stm32f2xx_it.o(.text)
    DebugMon_Handler                         0x0800076d   Thumb Code     2  stm32f2xx_it.o(.text)
    PendSV_Handler                           0x0800076f   Thumb Code     2  stm32f2xx_it.o(.text)
    SysTick_Handler                          0x08000771   Thumb Code     8  stm32f2xx_it.o(.text)
    TIM2_IRQHandler                          0x08000779   Thumb Code    26  stm32f2xx_it.o(.text)
    TIM3_IRQHandler                          0x08000793   Thumb Code    24  stm32f2xx_it.o(.text)
    USART3_IRQHandler                        0x080007ab   Thumb Code    92  stm32f2xx_it.o(.text)
    SystemInit                               0x080008cf   Thumb Code    74  system_stm32f2xx.o(.text)
    SystemCoreClockUpdate                    0x08000919   Thumb Code   174  system_stm32f2xx.o(.text)
    NVIC_PriorityGroupConfig                 0x080009f1   Thumb Code    10  misc.o(.text)
    NVIC_Init                                0x080009fb   Thumb Code   108  misc.o(.text)
    NVIC_SetVectorTable                      0x08000a67   Thumb Code    14  misc.o(.text)
    NVIC_SystemLPConfig                      0x08000a75   Thumb Code    34  misc.o(.text)
    SysTick_CLKSourceConfig                  0x08000a97   Thumb Code    40  misc.o(.text)
    CAN_DeInit                               0x08000ad5   Thumb Code    50  stm32f2xx_can.o(.text)
    CAN_Init                                 0x08000b07   Thumb Code   276  stm32f2xx_can.o(.text)
    CAN_FilterInit                           0x08000c1b   Thumb Code   258  stm32f2xx_can.o(.text)
    CAN_StructInit                           0x08000d1d   Thumb Code    32  stm32f2xx_can.o(.text)
    CAN_SlaveStartBank                       0x08000d3d   Thumb Code    48  stm32f2xx_can.o(.text)
    CAN_DBGFreeze                            0x08000d6d   Thumb Code    22  stm32f2xx_can.o(.text)
    CAN_TTComModeCmd                         0x08000d83   Thumb Code   118  stm32f2xx_can.o(.text)
    CAN_Transmit                             0x08000df9   Thumb Code   304  stm32f2xx_can.o(.text)
    CAN_TransmitStatus                       0x08000f29   Thumb Code   138  stm32f2xx_can.o(.text)
    CAN_CancelTransmit                       0x08000fb3   Thumb Code    48  stm32f2xx_can.o(.text)
    CAN_Receive                              0x08000fe3   Thumb Code   240  stm32f2xx_can.o(.text)
    CAN_FIFORelease                          0x080010d3   Thumb Code    22  stm32f2xx_can.o(.text)
    CAN_MessagePending                       0x080010e9   Thumb Code    30  stm32f2xx_can.o(.text)
    CAN_OperatingModeRequest                 0x08001107   Thumb Code   162  stm32f2xx_can.o(.text)
    CAN_Sleep                                0x080011a9   Thumb Code    30  stm32f2xx_can.o(.text)
    CAN_WakeUp                               0x080011c7   Thumb Code    48  stm32f2xx_can.o(.text)
    CAN_GetLastErrorCode                     0x080011f7   Thumb Code    12  stm32f2xx_can.o(.text)
    CAN_GetReceiveErrorCounter               0x08001203   Thumb Code    10  stm32f2xx_can.o(.text)
    CAN_GetLSBTransmitErrorCounter           0x0800120d   Thumb Code    12  stm32f2xx_can.o(.text)
    CAN_ITConfig                             0x08001219   Thumb Code    18  stm32f2xx_can.o(.text)
    CAN_GetFlagStatus                        0x0800122b   Thumb Code   120  stm32f2xx_can.o(.text)
    CAN_ClearFlag                            0x080012a3   Thumb Code    52  stm32f2xx_can.o(.text)
    CAN_GetITStatus                          0x080012e7   Thumb Code   308  stm32f2xx_can.o(.text)
    CAN_ClearITPendingBit                    0x0800141b   Thumb Code   162  stm32f2xx_can.o(.text)
    GPIO_DeInit                              0x080014c1   Thumb Code   220  stm32f2xx_gpio.o(.text)
    GPIO_Init                                0x0800159d   Thumb Code   144  stm32f2xx_gpio.o(.text)
    GPIO_StructInit                          0x0800162d   Thumb Code    18  stm32f2xx_gpio.o(.text)
    GPIO_PinLockConfig                       0x0800163f   Thumb Code    34  stm32f2xx_gpio.o(.text)
    GPIO_ReadInputDataBit                    0x08001661   Thumb Code    18  stm32f2xx_gpio.o(.text)
    GPIO_ReadInputData                       0x08001673   Thumb Code     8  stm32f2xx_gpio.o(.text)
    GPIO_ReadOutputDataBit                   0x0800167b   Thumb Code    18  stm32f2xx_gpio.o(.text)
    GPIO_ReadOutputData                      0x0800168d   Thumb Code     8  stm32f2xx_gpio.o(.text)
    GPIO_SetBits                             0x08001695   Thumb Code     4  stm32f2xx_gpio.o(.text)
    GPIO_ResetBits                           0x08001699   Thumb Code     4  stm32f2xx_gpio.o(.text)
    GPIO_WriteBit                            0x0800169d   Thumb Code    10  stm32f2xx_gpio.o(.text)
    GPIO_Write                               0x080016a7   Thumb Code     4  stm32f2xx_gpio.o(.text)
    GPIO_ToggleBits                          0x080016ab   Thumb Code     8  stm32f2xx_gpio.o(.text)
    GPIO_PinAFConfig                         0x080016b3   Thumb Code    70  stm32f2xx_gpio.o(.text)
    RCC_DeInit                               0x0800171d   Thumb Code    60  stm32f2xx_rcc.o(.text)
    RCC_HSEConfig                            0x08001759   Thumb Code    14  stm32f2xx_rcc.o(.text)
    RCC_GetFlagStatus                        0x08001767   Thumb Code    60  stm32f2xx_rcc.o(.text)
    RCC_WaitForHSEStartUp                    0x080017a3   Thumb Code    56  stm32f2xx_rcc.o(.text)
    RCC_AdjustHSICalibrationValue            0x080017db   Thumb Code    20  stm32f2xx_rcc.o(.text)
    RCC_HSICmd                               0x080017ef   Thumb Code     6  stm32f2xx_rcc.o(.text)
    RCC_LSEConfig                            0x080017f5   Thumb Code    46  stm32f2xx_rcc.o(.text)
    RCC_LSICmd                               0x08001823   Thumb Code     6  stm32f2xx_rcc.o(.text)
    RCC_PLLConfig                            0x08001829   Thumb Code    32  stm32f2xx_rcc.o(.text)
    RCC_PLLCmd                               0x08001849   Thumb Code     6  stm32f2xx_rcc.o(.text)
    RCC_PLLI2SConfig                         0x0800184f   Thumb Code    14  stm32f2xx_rcc.o(.text)
    RCC_PLLI2SCmd                            0x0800185d   Thumb Code     6  stm32f2xx_rcc.o(.text)
    RCC_ClockSecuritySystemCmd               0x08001863   Thumb Code     6  stm32f2xx_rcc.o(.text)
    RCC_MCO1Config                           0x08001869   Thumb Code    28  stm32f2xx_rcc.o(.text)
    RCC_MCO2Config                           0x08001885   Thumb Code    28  stm32f2xx_rcc.o(.text)
    RCC_SYSCLKConfig                         0x080018a1   Thumb Code    20  stm32f2xx_rcc.o(.text)
    RCC_GetSYSCLKSource                      0x080018b5   Thumb Code    12  stm32f2xx_rcc.o(.text)
    RCC_HCLKConfig                           0x080018c1   Thumb Code    20  stm32f2xx_rcc.o(.text)
    RCC_PCLK1Config                          0x080018d5   Thumb Code    20  stm32f2xx_rcc.o(.text)
    RCC_PCLK2Config                          0x080018e9   Thumb Code    22  stm32f2xx_rcc.o(.text)
    RCC_GetClocksFreq                        0x080018ff   Thumb Code   222  stm32f2xx_rcc.o(.text)
    RCC_RTCCLKConfig                         0x080019dd   Thumb Code    54  stm32f2xx_rcc.o(.text)
    RCC_RTCCLKCmd                            0x08001a13   Thumb Code     8  stm32f2xx_rcc.o(.text)
    RCC_BackupResetCmd                       0x08001a1b   Thumb Code     8  stm32f2xx_rcc.o(.text)
    RCC_I2SCLKConfig                         0x08001a23   Thumb Code     6  stm32f2xx_rcc.o(.text)
    RCC_AHB1PeriphClockCmd                   0x08001a29   Thumb Code    34  stm32f2xx_rcc.o(.text)
    RCC_AHB2PeriphClockCmd                   0x08001a4b   Thumb Code    34  stm32f2xx_rcc.o(.text)
    RCC_AHB3PeriphClockCmd                   0x08001a6d   Thumb Code    34  stm32f2xx_rcc.o(.text)
    RCC_APB1PeriphClockCmd                   0x08001a8f   Thumb Code    34  stm32f2xx_rcc.o(.text)
    RCC_APB2PeriphClockCmd                   0x08001ab1   Thumb Code    34  stm32f2xx_rcc.o(.text)
    RCC_AHB1PeriphResetCmd                   0x08001ad3   Thumb Code    34  stm32f2xx_rcc.o(.text)
    RCC_AHB2PeriphResetCmd                   0x08001af5   Thumb Code    72  stm32f2xx_rcc.o(.text)
    RCC_AHB3PeriphResetCmd                   0x08001b3d   Thumb Code    34  stm32f2xx_rcc.o(.text)
    RCC_APB1PeriphResetCmd                   0x08001b5f   Thumb Code    34  stm32f2xx_rcc.o(.text)
    RCC_APB2PeriphResetCmd                   0x08001b81   Thumb Code    34  stm32f2xx_rcc.o(.text)
    RCC_AHB1PeriphClockLPModeCmd             0x08001ba3   Thumb Code    34  stm32f2xx_rcc.o(.text)
    RCC_AHB2PeriphClockLPModeCmd             0x08001bc5   Thumb Code    34  stm32f2xx_rcc.o(.text)
    RCC_AHB3PeriphClockLPModeCmd             0x08001be7   Thumb Code    34  stm32f2xx_rcc.o(.text)
    RCC_APB1PeriphClockLPModeCmd             0x08001c09   Thumb Code    34  stm32f2xx_rcc.o(.text)
    RCC_APB2PeriphClockLPModeCmd             0x08001c2b   Thumb Code    34  stm32f2xx_rcc.o(.text)
    RCC_ITConfig                             0x08001c4d   Thumb Code    34  stm32f2xx_rcc.o(.text)
    RCC_ClearFlag                            0x08001c6f   Thumb Code    18  stm32f2xx_rcc.o(.text)
    RCC_GetITStatus                          0x08001c81   Thumb Code    22  stm32f2xx_rcc.o(.text)
    RCC_ClearITPendingBit                    0x08001c97   Thumb Code     8  stm32f2xx_rcc.o(.text)
    SPI_I2S_DeInit                           0x08001ca5   Thumb Code    76  stm32f2xx_spi.o(.text)
    SPI_Init                                 0x08001cf1   Thumb Code    60  stm32f2xx_spi.o(.text)
    I2S_Init                                 0x08001d2d   Thumb Code   346  stm32f2xx_spi.o(.text)
    SPI_StructInit                           0x08001e87   Thumb Code    24  stm32f2xx_spi.o(.text)
    I2S_StructInit                           0x08001e9f   Thumb Code    20  stm32f2xx_spi.o(.text)
    SPI_Cmd                                  0x08001eb3   Thumb Code    24  stm32f2xx_spi.o(.text)
    I2S_Cmd                                  0x08001ecb   Thumb Code    24  stm32f2xx_spi.o(.text)
    SPI_DataSizeConfig                       0x08001ee3   Thumb Code    18  stm32f2xx_spi.o(.text)
    SPI_BiDirectionalLineConfig              0x08001ef5   Thumb Code    28  stm32f2xx_spi.o(.text)
    SPI_NSSInternalSoftwareConfig            0x08001f11   Thumb Code    30  stm32f2xx_spi.o(.text)
    SPI_SSOutputCmd                          0x08001f2f   Thumb Code    24  stm32f2xx_spi.o(.text)
    SPI_TIModeCmd                            0x08001f47   Thumb Code    24  stm32f2xx_spi.o(.text)
    SPI_I2S_ReceiveData                      0x08001f5f   Thumb Code     6  stm32f2xx_spi.o(.text)
    SPI_I2S_SendData                         0x08001f65   Thumb Code     4  stm32f2xx_spi.o(.text)
    SPI_CalculateCRC                         0x08001f69   Thumb Code    24  stm32f2xx_spi.o(.text)
    SPI_TransmitCRC                          0x08001f81   Thumb Code    10  stm32f2xx_spi.o(.text)
    SPI_GetCRC                               0x08001f8b   Thumb Code    16  stm32f2xx_spi.o(.text)
    SPI_GetCRCPolynomial                     0x08001f9b   Thumb Code     6  stm32f2xx_spi.o(.text)
    SPI_I2S_DMACmd                           0x08001fa1   Thumb Code    18  stm32f2xx_spi.o(.text)
    SPI_I2S_ITConfig                         0x08001fb3   Thumb Code    32  stm32f2xx_spi.o(.text)
    SPI_I2S_GetFlagStatus                    0x08001fd3   Thumb Code    18  stm32f2xx_spi.o(.text)
    SPI_I2S_ClearFlag                        0x08001fe5   Thumb Code     6  stm32f2xx_spi.o(.text)
    SPI_I2S_GetITStatus                      0x08001feb   Thumb Code    52  stm32f2xx_spi.o(.text)
    SPI_I2S_ClearITPendingBit                0x0800201f   Thumb Code    20  stm32f2xx_spi.o(.text)
    TIM_DeInit                               0x08002049   Thumb Code   346  stm32f2xx_tim.o(.text)
    TIM_TimeBaseInit                         0x080021a3   Thumb Code   104  stm32f2xx_tim.o(.text)
    TIM_TimeBaseStructInit                   0x0800220b   Thumb Code    18  stm32f2xx_tim.o(.text)
    TIM_PrescalerConfig                      0x0800221d   Thumb Code     6  stm32f2xx_tim.o(.text)
    TIM_CounterModeConfig                    0x08002223   Thumb Code    18  stm32f2xx_tim.o(.text)
    TIM_SetCounter                           0x08002235   Thumb Code     4  stm32f2xx_tim.o(.text)
    TIM_SetAutoreload                        0x08002239   Thumb Code     4  stm32f2xx_tim.o(.text)
    TIM_GetCounter                           0x0800223d   Thumb Code     6  stm32f2xx_tim.o(.text)
    TIM_GetPrescaler                         0x08002243   Thumb Code     6  stm32f2xx_tim.o(.text)
    TIM_UpdateDisableConfig                  0x08002249   Thumb Code    24  stm32f2xx_tim.o(.text)
    TIM_UpdateRequestConfig                  0x08002261   Thumb Code    24  stm32f2xx_tim.o(.text)
    TIM_ARRPreloadConfig                     0x08002279   Thumb Code    24  stm32f2xx_tim.o(.text)
    TIM_SelectOnePulseMode                   0x08002291   Thumb Code    18  stm32f2xx_tim.o(.text)
    TIM_SetClockDivision                     0x080022a3   Thumb Code    18  stm32f2xx_tim.o(.text)
    TIM_Cmd                                  0x080022b5   Thumb Code    24  stm32f2xx_tim.o(.text)
    TIM_OC1Init                              0x080022cd   Thumb Code   114  stm32f2xx_tim.o(.text)
    TIM_OC2Init                              0x0800233f   Thumb Code   154  stm32f2xx_tim.o(.text)
    TIM_OC3Init                              0x080023d9   Thumb Code   204  stm32f2xx_tim.o(.text)
    TIM_OC4Init                              0x080024a5   Thumb Code   112  stm32f2xx_tim.o(.text)
    TIM_OCStructInit                         0x08002515   Thumb Code    20  stm32f2xx_tim.o(.text)
    TIM_SelectOCxM                           0x08002529   Thumb Code    86  stm32f2xx_tim.o(.text)
    TIM_SetCompare1                          0x0800257f   Thumb Code     4  stm32f2xx_tim.o(.text)
    TIM_SetCompare2                          0x08002583   Thumb Code     4  stm32f2xx_tim.o(.text)
    TIM_SetCompare3                          0x08002587   Thumb Code     4  stm32f2xx_tim.o(.text)
    TIM_SetCompare4                          0x0800258b   Thumb Code     4  stm32f2xx_tim.o(.text)
    TIM_ForcedOC1Config                      0x0800258f   Thumb Code    18  stm32f2xx_tim.o(.text)
    TIM_ForcedOC2Config                      0x080025a1   Thumb Code    26  stm32f2xx_tim.o(.text)
    TIM_ForcedOC3Config                      0x080025bb   Thumb Code    18  stm32f2xx_tim.o(.text)
    TIM_ForcedOC4Config                      0x080025cd   Thumb Code    26  stm32f2xx_tim.o(.text)
    TIM_OC1PreloadConfig                     0x080025e7   Thumb Code    18  stm32f2xx_tim.o(.text)
    TIM_OC2PreloadConfig                     0x080025f9   Thumb Code    26  stm32f2xx_tim.o(.text)
    TIM_OC3PreloadConfig                     0x08002613   Thumb Code    18  stm32f2xx_tim.o(.text)
    TIM_OC4PreloadConfig                     0x08002625   Thumb Code    26  stm32f2xx_tim.o(.text)
    TIM_OC1FastConfig                        0x0800263f   Thumb Code    18  stm32f2xx_tim.o(.text)
    TIM_OC2FastConfig                        0x08002651   Thumb Code    26  stm32f2xx_tim.o(.text)
    TIM_OC3FastConfig                        0x0800266b   Thumb Code    18  stm32f2xx_tim.o(.text)
    TIM_OC4FastConfig                        0x0800267d   Thumb Code    26  stm32f2xx_tim.o(.text)
    TIM_ClearOC1Ref                          0x08002697   Thumb Code    18  stm32f2xx_tim.o(.text)
    TIM_ClearOC2Ref                          0x080026a9   Thumb Code    24  stm32f2xx_tim.o(.text)
    TIM_ClearOC3Ref                          0x080026c1   Thumb Code    18  stm32f2xx_tim.o(.text)
    TIM_ClearOC4Ref                          0x080026d3   Thumb Code    24  stm32f2xx_tim.o(.text)
    TIM_OC1PolarityConfig                    0x080026eb   Thumb Code    18  stm32f2xx_tim.o(.text)
    TIM_OC1NPolarityConfig                   0x080026fd   Thumb Code    18  stm32f2xx_tim.o(.text)
    TIM_OC2PolarityConfig                    0x0800270f   Thumb Code    26  stm32f2xx_tim.o(.text)
    TIM_OC2NPolarityConfig                   0x08002729   Thumb Code    26  stm32f2xx_tim.o(.text)
    TIM_OC3PolarityConfig                    0x08002743   Thumb Code    26  stm32f2xx_tim.o(.text)
    TIM_OC3NPolarityConfig                   0x0800275d   Thumb Code    26  stm32f2xx_tim.o(.text)
    TIM_OC4PolarityConfig                    0x08002777   Thumb Code    26  stm32f2xx_tim.o(.text)
    TIM_CCxCmd                               0x08002791   Thumb Code    30  stm32f2xx_tim.o(.text)
    TIM_CCxNCmd                              0x080027af   Thumb Code    30  stm32f2xx_tim.o(.text)
    TIM_SetIC4Prescaler                      0x080027cd   Thumb Code    26  stm32f2xx_tim.o(.text)
    TIM_SetIC3Prescaler                      0x08002837   Thumb Code    18  stm32f2xx_tim.o(.text)
    TIM_SetIC2Prescaler                      0x08002891   Thumb Code    26  stm32f2xx_tim.o(.text)
    TIM_SetIC1Prescaler                      0x08002905   Thumb Code    18  stm32f2xx_tim.o(.text)
    TIM_ICInit                               0x08002951   Thumb Code   110  stm32f2xx_tim.o(.text)
    TIM_ICStructInit                         0x080029bf   Thumb Code    18  stm32f2xx_tim.o(.text)
    TIM_PWMIConfig                           0x080029d1   Thumb Code   124  stm32f2xx_tim.o(.text)
    TIM_GetCapture1                          0x08002a4d   Thumb Code     6  stm32f2xx_tim.o(.text)
    TIM_GetCapture2                          0x08002a53   Thumb Code     6  stm32f2xx_tim.o(.text)
    TIM_GetCapture3                          0x08002a59   Thumb Code     6  stm32f2xx_tim.o(.text)
    TIM_GetCapture4                          0x08002a5f   Thumb Code     6  stm32f2xx_tim.o(.text)
    TIM_BDTRConfig                           0x08002a65   Thumb Code    32  stm32f2xx_tim.o(.text)
    TIM_BDTRStructInit                       0x08002a85   Thumb Code    18  stm32f2xx_tim.o(.text)
    TIM_CtrlPWMOutputs                       0x08002a97   Thumb Code    30  stm32f2xx_tim.o(.text)
    TIM_SelectCOM                            0x08002ab5   Thumb Code    24  stm32f2xx_tim.o(.text)
    TIM_CCPreloadControl                     0x08002acd   Thumb Code    24  stm32f2xx_tim.o(.text)
    TIM_ITConfig                             0x08002ae5   Thumb Code    18  stm32f2xx_tim.o(.text)
    TIM_GenerateEvent                        0x08002af7   Thumb Code     4  stm32f2xx_tim.o(.text)
    TIM_GetFlagStatus                        0x08002afb   Thumb Code    18  stm32f2xx_tim.o(.text)
    TIM_ClearFlag                            0x08002b0d   Thumb Code     6  stm32f2xx_tim.o(.text)
    TIM_GetITStatus                          0x08002b13   Thumb Code    34  stm32f2xx_tim.o(.text)
    TIM_ClearITPendingBit                    0x08002b35   Thumb Code     6  stm32f2xx_tim.o(.text)
    TIM_DMAConfig                            0x08002b3b   Thumb Code    10  stm32f2xx_tim.o(.text)
    TIM_DMACmd                               0x08002b45   Thumb Code    18  stm32f2xx_tim.o(.text)
    TIM_SelectCCDMA                          0x08002b57   Thumb Code    24  stm32f2xx_tim.o(.text)
    TIM_InternalClockConfig                  0x08002b6f   Thumb Code    12  stm32f2xx_tim.o(.text)
    TIM_SelectInputTrigger                   0x08002b7b   Thumb Code    18  stm32f2xx_tim.o(.text)
    TIM_ITRxExternalClockConfig              0x08002b8d   Thumb Code    24  stm32f2xx_tim.o(.text)
    TIM_TIxExternalClockConfig               0x08002ba5   Thumb Code    62  stm32f2xx_tim.o(.text)
    TIM_ETRConfig                            0x08002be3   Thumb Code    28  stm32f2xx_tim.o(.text)
    TIM_ETRClockMode1Config                  0x08002bff   Thumb Code    54  stm32f2xx_tim.o(.text)
    TIM_ETRClockMode2Config                  0x08002c35   Thumb Code    32  stm32f2xx_tim.o(.text)
    TIM_SelectOutputTrigger                  0x08002c55   Thumb Code    18  stm32f2xx_tim.o(.text)
    TIM_SelectSlaveMode                      0x08002c67   Thumb Code    18  stm32f2xx_tim.o(.text)
    TIM_SelectMasterSlaveMode                0x08002c79   Thumb Code    18  stm32f2xx_tim.o(.text)
    TIM_EncoderInterfaceConfig               0x08002c8b   Thumb Code    66  stm32f2xx_tim.o(.text)
    TIM_SelectHallSensor                     0x08002ccd   Thumb Code    24  stm32f2xx_tim.o(.text)
    TIM_RemapConfig                          0x08002ce5   Thumb Code     6  stm32f2xx_tim.o(.text)
    USART_DeInit                             0x08002ced   Thumb Code   156  stm32f2xx_usart.o(.text)
    USART_Init                               0x08002d89   Thumb Code   204  stm32f2xx_usart.o(.text)
    USART_StructInit                         0x08002e55   Thumb Code    24  stm32f2xx_usart.o(.text)
    USART_ClockInit                          0x08002e6d   Thumb Code    32  stm32f2xx_usart.o(.text)
    USART_ClockStructInit                    0x08002e8d   Thumb Code    12  stm32f2xx_usart.o(.text)
    USART_Cmd                                0x08002e99   Thumb Code    24  stm32f2xx_usart.o(.text)
    USART_SetPrescaler                       0x08002eb1   Thumb Code    16  stm32f2xx_usart.o(.text)
    USART_OverSampling8Cmd                   0x08002ec1   Thumb Code    22  stm32f2xx_usart.o(.text)
    USART_OneBitMethodCmd                    0x08002ed7   Thumb Code    24  stm32f2xx_usart.o(.text)
    USART_SendData                           0x08002eef   Thumb Code     8  stm32f2xx_usart.o(.text)
    USART_ReceiveData                        0x08002ef7   Thumb Code    10  stm32f2xx_usart.o(.text)
    USART_SetAddress                         0x08002f01   Thumb Code    18  stm32f2xx_usart.o(.text)
    USART_ReceiverWakeUpCmd                  0x08002f13   Thumb Code    24  stm32f2xx_usart.o(.text)
    USART_WakeUpConfig                       0x08002f2b   Thumb Code    18  stm32f2xx_usart.o(.text)
    USART_LINBreakDetectLengthConfig         0x08002f3d   Thumb Code    18  stm32f2xx_usart.o(.text)
    USART_LINCmd                             0x08002f4f   Thumb Code    24  stm32f2xx_usart.o(.text)
    USART_SendBreak                          0x08002f67   Thumb Code    10  stm32f2xx_usart.o(.text)
    USART_HalfDuplexCmd                      0x08002f71   Thumb Code    24  stm32f2xx_usart.o(.text)
    USART_SetGuardTime                       0x08002f89   Thumb Code    16  stm32f2xx_usart.o(.text)
    USART_SmartCardCmd                       0x08002f99   Thumb Code    24  stm32f2xx_usart.o(.text)
    USART_SmartCardNACKCmd                   0x08002fb1   Thumb Code    24  stm32f2xx_usart.o(.text)
    USART_IrDAConfig                         0x08002fc9   Thumb Code    18  stm32f2xx_usart.o(.text)
    USART_IrDACmd                            0x08002fdb   Thumb Code    24  stm32f2xx_usart.o(.text)
    USART_DMACmd                             0x08002ff3   Thumb Code    18  stm32f2xx_usart.o(.text)
    USART_ITConfig                           0x08003005   Thumb Code    74  stm32f2xx_usart.o(.text)
    USART_GetFlagStatus                      0x0800304f   Thumb Code    26  stm32f2xx_usart.o(.text)
    USART_ClearFlag                          0x08003069   Thumb Code    18  stm32f2xx_usart.o(.text)
    USART_GetITStatus                        0x0800307b   Thumb Code   110  stm32f2xx_usart.o(.text)
    USART_ClearITPendingBit                  0x080030e9   Thumb Code    30  stm32f2xx_usart.o(.text)
    Reset_Handler                            0x08003109   Thumb Code     8  startup_stm32f2xx.o(.text)
    ADC_IRQHandler                           0x08003123   Thumb Code     0  startup_stm32f2xx.o(.text)
    CAN1_RX0_IRQHandler                      0x08003123   Thumb Code     0  startup_stm32f2xx.o(.text)
    CAN1_RX1_IRQHandler                      0x08003123   Thumb Code     0  startup_stm32f2xx.o(.text)
    CAN1_SCE_IRQHandler                      0x08003123   Thumb Code     0  startup_stm32f2xx.o(.text)
    CAN1_TX_IRQHandler                       0x08003123   Thumb Code     0  startup_stm32f2xx.o(.text)
    CAN2_RX0_IRQHandler                      0x08003123   Thumb Code     0  startup_stm32f2xx.o(.text)
    CAN2_RX1_IRQHandler                      0x08003123   Thumb Code     0  startup_stm32f2xx.o(.text)
    CAN2_SCE_IRQHandler                      0x08003123   Thumb Code     0  startup_stm32f2xx.o(.text)
    CAN2_TX_IRQHandler                       0x08003123   Thumb Code     0  startup_stm32f2xx.o(.text)
    CRYP_IRQHandler                          0x08003123   Thumb Code     0  startup_stm32f2xx.o(.text)
    DCMI_IRQHandler                          0x08003123   Thumb Code     0  startup_stm32f2xx.o(.text)
    DMA1_Stream0_IRQHandler                  0x08003123   Thumb Code     0  startup_stm32f2xx.o(.text)
    DMA1_Stream1_IRQHandler                  0x08003123   Thumb Code     0  startup_stm32f2xx.o(.text)
    DMA1_Stream2_IRQHandler                  0x08003123   Thumb Code     0  startup_stm32f2xx.o(.text)
    DMA1_Stream3_IRQHandler                  0x08003123   Thumb Code     0  startup_stm32f2xx.o(.text)
    DMA1_Stream4_IRQHandler                  0x08003123   Thumb Code     0  startup_stm32f2xx.o(.text)
    DMA1_Stream5_IRQHandler                  0x08003123   Thumb Code     0  startup_stm32f2xx.o(.text)
    DMA1_Stream6_IRQHandler                  0x08003123   Thumb Code     0  startup_stm32f2xx.o(.text)
    DMA1_Stream7_IRQHandler                  0x08003123   Thumb Code     0  startup_stm32f2xx.o(.text)
    DMA2_Stream0_IRQHandler                  0x08003123   Thumb Code     0  startup_stm32f2xx.o(.text)
    DMA2_Stream1_IRQHandler                  0x08003123   Thumb Code     0  startup_stm32f2xx.o(.text)
    DMA2_Stream2_IRQHandler                  0x08003123   Thumb Code     0  startup_stm32f2xx.o(.text)
    DMA2_Stream3_IRQHandler                  0x08003123   Thumb Code     0  startup_stm32f2xx.o(.text)
    DMA2_Stream4_IRQHandler                  0x08003123   Thumb Code     0  startup_stm32f2xx.o(.text)
    DMA2_Stream5_IRQHandler                  0x08003123   Thumb Code     0  startup_stm32f2xx.o(.text)
    DMA2_Stream6_IRQHandler                  0x08003123   Thumb Code     0  startup_stm32f2xx.o(.text)
    DMA2_Stream7_IRQHandler                  0x08003123   Thumb Code     0  startup_stm32f2xx.o(.text)
    ETH_IRQHandler                           0x08003123   Thumb Code     0  startup_stm32f2xx.o(.text)
    ETH_WKUP_IRQHandler                      0x08003123   Thumb Code     0  startup_stm32f2xx.o(.text)
    EXTI0_IRQHandler                         0x08003123   Thumb Code     0  startup_stm32f2xx.o(.text)
    EXTI15_10_IRQHandler                     0x08003123   Thumb Code     0  startup_stm32f2xx.o(.text)
    EXTI1_IRQHandler                         0x08003123   Thumb Code     0  startup_stm32f2xx.o(.text)
    EXTI2_IRQHandler                         0x08003123   Thumb Code     0  startup_stm32f2xx.o(.text)
    EXTI3_IRQHandler                         0x08003123   Thumb Code     0  startup_stm32f2xx.o(.text)
    EXTI4_IRQHandler                         0x08003123   Thumb Code     0  startup_stm32f2xx.o(.text)
    EXTI9_5_IRQHandler                       0x08003123   Thumb Code     0  startup_stm32f2xx.o(.text)
    FLASH_IRQHandler                         0x08003123   Thumb Code     0  startup_stm32f2xx.o(.text)
    FSMC_IRQHandler                          0x08003123   Thumb Code     0  startup_stm32f2xx.o(.text)
    HASH_RNG_IRQHandler                      0x08003123   Thumb Code     0  startup_stm32f2xx.o(.text)
    I2C1_ER_IRQHandler                       0x08003123   Thumb Code     0  startup_stm32f2xx.o(.text)
    I2C1_EV_IRQHandler                       0x08003123   Thumb Code     0  startup_stm32f2xx.o(.text)
    I2C2_ER_IRQHandler                       0x08003123   Thumb Code     0  startup_stm32f2xx.o(.text)
    I2C2_EV_IRQHandler                       0x08003123   Thumb Code     0  startup_stm32f2xx.o(.text)
    I2C3_ER_IRQHandler                       0x08003123   Thumb Code     0  startup_stm32f2xx.o(.text)
    I2C3_EV_IRQHandler                       0x08003123   Thumb Code     0  startup_stm32f2xx.o(.text)
    OTG_FS_IRQHandler                        0x08003123   Thumb Code     0  startup_stm32f2xx.o(.text)
    OTG_FS_WKUP_IRQHandler                   0x08003123   Thumb Code     0  startup_stm32f2xx.o(.text)
    OTG_HS_EP1_IN_IRQHandler                 0x08003123   Thumb Code     0  startup_stm32f2xx.o(.text)
    OTG_HS_EP1_OUT_IRQHandler                0x08003123   Thumb Code     0  startup_stm32f2xx.o(.text)
    OTG_HS_IRQHandler                        0x08003123   Thumb Code     0  startup_stm32f2xx.o(.text)
    OTG_HS_WKUP_IRQHandler                   0x08003123   Thumb Code     0  startup_stm32f2xx.o(.text)
    PVD_IRQHandler                           0x08003123   Thumb Code     0  startup_stm32f2xx.o(.text)
    RCC_IRQHandler                           0x08003123   Thumb Code     0  startup_stm32f2xx.o(.text)
    RTC_Alarm_IRQHandler                     0x08003123   Thumb Code     0  startup_stm32f2xx.o(.text)
    RTC_WKUP_IRQHandler                      0x08003123   Thumb Code     0  startup_stm32f2xx.o(.text)
    SDIO_IRQHandler                          0x08003123   Thumb Code     0  startup_stm32f2xx.o(.text)
    SPI1_IRQHandler                          0x08003123   Thumb Code     0  startup_stm32f2xx.o(.text)
    SPI2_IRQHandler                          0x08003123   Thumb Code     0  startup_stm32f2xx.o(.text)
    SPI3_IRQHandler                          0x08003123   Thumb Code     0  startup_stm32f2xx.o(.text)
    TAMP_STAMP_IRQHandler                    0x08003123   Thumb Code     0  startup_stm32f2xx.o(.text)
    TIM1_BRK_TIM9_IRQHandler                 0x08003123   Thumb Code     0  startup_stm32f2xx.o(.text)
    TIM1_CC_IRQHandler                       0x08003123   Thumb Code     0  startup_stm32f2xx.o(.text)
    TIM1_TRG_COM_TIM11_IRQHandler            0x08003123   Thumb Code     0  startup_stm32f2xx.o(.text)
    TIM1_UP_TIM10_IRQHandler                 0x08003123   Thumb Code     0  startup_stm32f2xx.o(.text)
    TIM4_IRQHandler                          0x08003123   Thumb Code     0  startup_stm32f2xx.o(.text)
    TIM5_IRQHandler                          0x08003123   Thumb Code     0  startup_stm32f2xx.o(.text)
    TIM6_DAC_IRQHandler                      0x08003123   Thumb Code     0  startup_stm32f2xx.o(.text)
    TIM7_IRQHandler                          0x08003123   Thumb Code     0  startup_stm32f2xx.o(.text)
    TIM8_BRK_TIM12_IRQHandler                0x08003123   Thumb Code     0  startup_stm32f2xx.o(.text)
    TIM8_CC_IRQHandler                       0x08003123   Thumb Code     0  startup_stm32f2xx.o(.text)
    TIM8_TRG_COM_TIM14_IRQHandler            0x08003123   Thumb Code     0  startup_stm32f2xx.o(.text)
    TIM8_UP_TIM13_IRQHandler                 0x08003123   Thumb Code     0  startup_stm32f2xx.o(.text)
    UART4_IRQHandler                         0x08003123   Thumb Code     0  startup_stm32f2xx.o(.text)
    UART5_IRQHandler                         0x08003123   Thumb Code     0  startup_stm32f2xx.o(.text)
    USART1_IRQHandler                        0x08003123   Thumb Code     0  startup_stm32f2xx.o(.text)
    USART2_IRQHandler                        0x08003123   Thumb Code     0  startup_stm32f2xx.o(.text)
    USART6_IRQHandler                        0x08003123   Thumb Code     0  startup_stm32f2xx.o(.text)
    WWDG_IRQHandler                          0x08003123   Thumb Code     0  startup_stm32f2xx.o(.text)
    FTest                                    0x0800312d   Thumb Code     2  mb_pfunction.o(.text)
    ReadDiscreteInputs                       0x0800312f   Thumb Code    70  mb_pfunction.o(.text)
    ReadCoils                                0x08003175   Thumb Code    70  mb_pfunction.o(.text)
    WriteSingleCoil                          0x080031bb   Thumb Code    28  mb_pfunction.o(.text)
    ReadInputReg                             0x080031d7   Thumb Code    50  mb_pfunction.o(.text)
    ReadHoldingReg                           0x08003209   Thumb Code    50  mb_pfunction.o(.text)
    WriteHoldingReg                          0x0800323b   Thumb Code    52  mb_pfunction.o(.text)
    FReadCoils                               0x0800326f   Thumb Code   156  mb_pfunction.o(.text)
    FReadDiscreteInputs                      0x0800330b   Thumb Code   156  mb_pfunction.o(.text)
    FReadHoldingReg                          0x080033a7   Thumb Code    94  mb_pfunction.o(.text)
    FReadInputReg                            0x08003405   Thumb Code    94  mb_pfunction.o(.text)
    FWriteSingleCoil                         0x08003463   Thumb Code    88  mb_pfunction.o(.text)
    FWriteSingleReg                          0x080034bb   Thumb Code    88  mb_pfunction.o(.text)
    FWriteMultipleReg                        0x08003513   Thumb Code   106  mb_pfunction.o(.text)
    Modbus_CRC16                             0x0800357d   Thumb Code    48  mb_rtu.o(.text)
    Waite10mS                                0x080035b5   Thumb Code    12  mbcommon.o(.text)
    Time10mSHandle                           0x080035c1   Thumb Code    34  mbcommon.o(.text)
    T15EndHandle                             0x080035e3   Thumb Code   106  mbcommon.o(.text)
    T35EndHandle                             0x0800364d   Thumb Code    60  mbcommon.o(.text)
    ReceOneChar                              0x08003689   Thumb Code    56  mbcommon.o(.text)
    PutDataInPUD                             0x080036c1   Thumb Code    44  mbcommon.o(.text)
    MBSlaveIni                               0x08003701   Thumb Code    24  mbslave.o(.text)
    FunctionHandle                           0x08003719   Thumb Code    80  mbslave.o(.text)
    PackPDU2ADU                              0x08003769   Thumb Code    48  mbslave.o(.text)
    TransfersReplyHandle                     0x08003799   Thumb Code    80  mbslave.o(.text)
    IdleModbus                               0x080037e9   Thumb Code    60  mbslave.o(.text)
    __scatterload                            0x08003835   Thumb Code    28  init.o(.text)
    __scatterload_rt2                        0x08003835   Thumb Code     0  init.o(.text)
    __scatterload_copy                       0x08003859   Thumb Code    14  handlers.o(i.__scatterload_copy)
    __scatterload_null                       0x08003867   Thumb Code     2  handlers.o(i.__scatterload_null)
    __scatterload_zeroinit                   0x08003869   Thumb Code    14  handlers.o(i.__scatterload_zeroinit)
    FCodeHandleArray                         0x08003878   Data          64  mb_pfunction.o(.constdata)
    auchCRCLo                                0x080038b8   Data         256  mb_rtu.o(.constdata)
    auchCRCHi                                0x080039b8   Data         256  mb_rtu.o(.constdata)
    Region$$Table$$Base                      0x08003ab8   Number         0  anon$$obj.o(Region$$Table)
    Region$$Table$$Limit                     0x08003ad8   Number         0  anon$$obj.o(Region$$Table)
    KeyNumber                                0x20000000   Data           1  main.o(.data)
    PrescalerValue                           0x20000002   Data           2  main.o(.data)
    SlaveDevice                              0x20000004   Data          12  main.o(.data)
    mb_handle_event_flag                     0x20000014   Data           1  main.o(.data)
    SystemCoreClock                          0x20000018   Data           4  system_stm32f2xx.o(.data)
    AHBPrescTable                            0x2000001c   Data          16  system_stm32f2xx.o(.data)
    PDUData                                  0x2000003c   Data           8  mbcommon.o(.data)
    g_10mS_count                             0x20000044   Data           4  mbcommon.o(.data)
    g_TimeEnd                                0x20000048   Data           1  mbcommon.o(.data)
    InputRegBuffer                           0x2000004c   Data          40  main.o(.bss)
    CAN_InitStructure                        0x20000074   Data          12  main.o(.bss)
    CAN_FilterInitStructure                  0x20000080   Data          14  main.o(.bss)
    TxMessage                                0x20000090   Data          20  main.o(.bss)
    RxMessage                                0x200000a4   Data          20  main.o(.bss)
    TIM_TimeBaseStructure                    0x200000b8   Data          12  main.o(.bss)
    ADUBuff                                  0x200000c4   Data         256  main.o(.bss)
    HoldRegBuffer                            0x200001c4   Data          16  main.o(.bss)
    ADUData                                  0x200001d4   Data          12  mbcommon.o(.bss)
    __initial_sp                             0x200005e0   Data           0  startup_stm32f2xx.o(STACK)



==============================================================================

Memory Map of the image

  Image Entry point : 0x08000185

  Load Region LR_IROM1 (Base: 0x08000000, Size: 0x00003b24, Max: 0x00080000, ABSOLUTE)

    Execution Region ER_IROM1 (Base: 0x08000000, Size: 0x00003ad8, Max: 0x00080000, ABSOLUTE)

    Base Addr    Size         Type   Attr      Idx    E Section Name        Object

    0x08000000   0x00000184   Data   RO          687    RESET               startup_stm32f2xx.o
    0x08000184   0x00000000   Code   RO          763  * .ARM.Collect$$$$00000000  mc_w.l(entry.o)
    0x08000184   0x00000004   Code   RO          766    .ARM.Collect$$$$00000001  mc_w.l(entry2.o)
    0x08000188   0x00000004   Code   RO          769    .ARM.Collect$$$$00000004  mc_w.l(entry5.o)
    0x0800018c   0x00000000   Code   RO          771    .ARM.Collect$$$$00000008  mc_w.l(entry7b.o)
    0x0800018c   0x00000000   Code   RO          773    .ARM.Collect$$$$0000000A  mc_w.l(entry8b.o)
    0x0800018c   0x00000008   Code   RO          774    .ARM.Collect$$$$0000000B  mc_w.l(entry9a.o)
    0x08000194   0x00000000   Code   RO          776    .ARM.Collect$$$$0000000D  mc_w.l(entry10a.o)
    0x08000194   0x00000000   Code   RO          778    .ARM.Collect$$$$0000000F  mc_w.l(entry11a.o)
    0x08000194   0x00000004   Code   RO          767    .ARM.Collect$$$$00002712  mc_w.l(entry2.o)
    0x08000198   0x000005c0   Code   RO            2    .text               main.o
    0x08000758   0x000000b8   Code   RO          139    .text               stm32f2xx_it.o
    0x08000810   0x000001e0   Code   RO          166    .text               system_stm32f2xx.o
    0x080009f0   0x000000e4   Code   RO          188    .text               misc.o
    0x08000ad4   0x000009ec   Code   RO          220    .text               stm32f2xx_can.o
    0x080014c0   0x0000025c   Code   RO          428    .text               stm32f2xx_gpio.o
    0x0800171c   0x00000588   Code   RO          540    .text               stm32f2xx_rcc.o
    0x08001ca4   0x000003a4   Code   RO          606    .text               stm32f2xx_spi.o
    0x08002048   0x00000ca2   Code   RO          638    .text               stm32f2xx_tim.o
    0x08002cea   0x00000002   PAD
    0x08002cec   0x0000041a   Code   RO          654    .text               stm32f2xx_usart.o
    0x08003106   0x00000002   PAD
    0x08003108   0x00000024   Code   RO          688    .text               startup_stm32f2xx.o
    0x0800312c   0x00000450   Code   RO          692    .text               mb_pfunction.o
    0x0800357c   0x00000038   Code   RO          715    .text               mb_rtu.o
    0x080035b4   0x0000014c   Code   RO          730    .text               mbcommon.o
    0x08003700   0x00000134   Code   RO          750    .text               mbslave.o
    0x08003834   0x00000024   Code   RO          780    .text               mc_w.l(init.o)
    0x08003858   0x0000000e   Code   RO          784    i.__scatterload_copy  mc_w.l(handlers.o)
    0x08003866   0x00000002   Code   RO          785    i.__scatterload_null  mc_w.l(handlers.o)
    0x08003868   0x0000000e   Code   RO          786    i.__scatterload_zeroinit  mc_w.l(handlers.o)
    0x08003876   0x00000002   PAD
    0x08003878   0x00000040   Data   RO          693    .constdata          mb_pfunction.o
    0x080038b8   0x00000200   Data   RO          716    .constdata          mb_rtu.o
    0x08003ab8   0x00000020   Data   RO          782    Region$$Table       anon$$obj.o


    Execution Region RW_IRAM1 (Base: 0x20000000, Size: 0x000005e0, Max: 0x00020000, ABSOLUTE)

    Base Addr    Size         Type   Attr      Idx    E Section Name        Object

    0x20000000   0x00000015   Data   RW            4    .data               main.o
    0x20000015   0x00000003   PAD
    0x20000018   0x00000014   Data   RW          167    .data               system_stm32f2xx.o
    0x2000002c   0x00000010   Data   RW          541    .data               stm32f2xx_rcc.o
    0x2000003c   0x0000000d   Data   RW          732    .data               mbcommon.o
    0x20000049   0x00000003   PAD
    0x2000004c   0x00000188   Zero   RW            3    .bss                main.o
    0x200001d4   0x0000000c   Zero   RW          731    .bss                mbcommon.o
    0x200001e0   0x00000400   Zero   RW          685    STACK               startup_stm32f2xx.o


==============================================================================

Image component sizes


      Code (inc. data)   RO Data    RW Data    ZI Data      Debug   Object Name

      1472         86          0         21        392     296994   main.o
      1104          0         64          0          0       7874   mb_pfunction.o
        56          8        512          0          0       1041   mb_rtu.o
       332         20          0         13         12       3334   mbcommon.o
       308         16          0          0          0       1604   mbslave.o
       228         22          0          0          0       1785   misc.o
        36          8        388          0       1024        820   startup_stm32f2xx.o
      2540         38          0          0          0       7788   stm32f2xx_can.o
       604         36          0          0          0       3881   stm32f2xx_gpio.o
       184         10          0          0          0       1716   stm32f2xx_it.o
      1416         48          0         16          0      10811   stm32f2xx_rcc.o
       932         22          0          0          0       6280   stm32f2xx_spi.o
      3234         60          0          0          0      22120   stm32f2xx_tim.o
      1050         26          0          0          0       7592   stm32f2xx_usart.o
       480         42          0         20          0       1807   system_stm32f2xx.o

    ----------------------------------------------------------------------
     13980        442        996         76       1428     375447   Object Totals
         0          0         32          0          0          0   (incl. Generated)
         4          0          0          6          0          0   (incl. Padding)

    ----------------------------------------------------------------------

      Code (inc. data)   RO Data    RW Data    ZI Data      Debug   Library Member Name

         0          0          0          0          0          0   entry.o
         0          0          0          0          0          0   entry10a.o
         0          0          0          0          0          0   entry11a.o
         8          4          0          0          0          0   entry2.o
         4          0          0          0          0          0   entry5.o
         0          0          0          0          0          0   entry7b.o
         0          0          0          0          0          0   entry8b.o
         8          4          0          0          0          0   entry9a.o
        30          0          0          0          0          0   handlers.o
        36          8          0          0          0         68   init.o

    ----------------------------------------------------------------------
        88         16          0          0          0         68   Library Totals
         2          0          0          0          0          0   (incl. Padding)

    ----------------------------------------------------------------------

      Code (inc. data)   RO Data    RW Data    ZI Data      Debug   Library Name

        86         16          0          0          0         68   mc_w.l

    ----------------------------------------------------------------------
        88         16          0          0          0         68   Library Totals

    ----------------------------------------------------------------------

==============================================================================


      Code (inc. data)   RO Data    RW Data    ZI Data      Debug   

     14068        458        996         76       1428     373851   Grand Totals
     14068        458        996         76       1428     373851   ELF Image Totals
     14068        458        996         76          0          0   ROM Totals

==============================================================================

    Total RO  Size (Code + RO Data)                15064 (  14.71kB)
    Total RW  Size (RW Data + ZI Data)              1504 (   1.47kB)
    Total ROM Size (Code + RO Data + RW Data)      15140 (  14.79kB)

==============================================================================

